---
source: zrest/src/lib.rs
expression: topics

---
topics:
  - max_id: 70
    name: FIRST database
  - max_id: 15
    name: "green desktop wasn't loading slowly"

