---
source: zrest/src/lib.rs
expression: topics

---
topics:
  - max_id: 95
    name: URLS compiling quickly
  - max_id: 84
    name: "first BOTS wasn't loading"

