---
source: zrest/src/lib.rs
expression: topics

---
topics:
  - max_id: 73
    name: LAST WEBAPP was loading
  - max_id: 72
    name: LAST database was de-duping erratically

