---
source: zrest/src/lib.rs
expression: topics

---
topics:
  - max_id: 56
    name: blue desktop loading
  - max_id: 34
    name: "little API wasn't skipping erratically"

