---
source: zrest/src/lib.rs
expression: topics

---
topics:
  - max_id: 66
    name: "LAST desktop wasn't over-heating erratically"
  - max_id: 43
    name: is compiling quickly

