---
source: zrest/src/lib.rs
expression: topics

---
topics:
  - max_id: 86
    name: "little server isn't compiling"
  - max_id: 80
    name: LAST desktop running erratically

