---
source: zrest/src/lib.rs
expression: topics

---
topics:
  - max_id: 82
    name: "old desktop isn't skipping erratically"
  - max_id: 52
    name: green API has been loading slowly

