---
source: zrest/src/lib.rs
expression: topics

---
topics:
  - max_id: 63
    name: new router is skipping quickly

