---
source: zrest/src/lib.rs
expression: topics

---
topics:
  - max_id: 90
    name: owned WEBAPP has been linking quickly
  - max_id: 42
    name: new bridge was de-duping

