---
source: zrest/src/lib.rs
expression: topics

---
topics:
  - max_id: 67
    name: OLD RECENT TOPICS is de-duping
  - max_id: 58
    name: "leased router wasn't linking quickly"

