---
source: zrest/src/lib.rs
expression: topics

---
topics:
  - max_id: 93
    name: "OLD router wasn't linking quickly"
  - max_id: 32
    name: "little URLS isn't loading quickly"

