---
source: zrest/src/lib.rs
expression: topics

---
topics:
  - max_id: 76
    name: NEW API has been skipping slowly

