---
source: zrest/src/lib.rs
expression: topics

---
topics:
  - max_id: 100
    name: "owned keurig isn't linking quickly"

