---
source: zrest/src/lib.rs
expression: topics

---
topics:
  - max_id: 89
    name: LAST file server linking
  - max_id: 88
    name: "first URLS wasn't skipping erratically"

